
==============NVSMI LOG==============

Timestamp                                 : Tue Apr 13 13:01:27 2021
Driver Version                            : 460.32.03
CUDA Version                              : 11.2

Attached GPUs                             : 4
GPU 00000001:00:00.0
    Product Name                          : Tesla V100-PCIE-16GB
    Product Brand                         : Tesla
    Display Mode                          : Enabled
    Display Active                        : Disabled
    Persistence Mode                      : Disabled
    MIG Mode
        Current                           : N/A
        Pending                           : N/A
    Accounting Mode                       : Disabled
    Accounting Mode Buffer Size           : 4000
    Driver Model
        Current                           : N/A
        Pending                           : N/A
    Serial Number                         : 1561320029884
    GPU UUID                              : GPU-c4f7ca3e-75b3-cf3f-615b-6cbd90248569
    Minor Number                          : 0
    VBIOS Version                         : 88.00.4F.00.04
    MultiGPU Board                        : No
    Board ID                              : 0x10000
    GPU Part Number                       : 900-2G500-0000-000
    Inforom Version
        Image Version                     : G500.0200.00.03
        OEM Object                        : 1.1
        ECC Object                        : 5.0
        Power Management Object           : N/A
    GPU Operation Mode
        Current                           : N/A
        Pending                           : N/A
    GPU Virtualization Mode
        Virtualization Mode               : Pass-Through
        Host VGPU Mode                    : N/A
    IBMNPU
        Relaxed Ordering Mode             : N/A
    PCI
        Bus                               : 0x00
        Device                            : 0x00
        Domain                            : 0x0001
        Device Id                         : 0x1DB410DE
        Bus Id                            : 00000001:00:00.0
        Sub System Id                     : 0x121410DE
        GPU Link Info
            PCIe Generation
                Max                       : 3
                Current                   : 3
            Link Width
                Max                       : 16x
                Current                   : 16x
        Bridge Chip
            Type                          : N/A
            Firmware                      : N/A
        Replays Since Reset               : 0
        Replay Number Rollovers           : 0
        Tx Throughput                     : 0 KB/s
        Rx Throughput                     : 0 KB/s
    Fan Speed                             : N/A
    Performance State                     : P0
    Clocks Throttle Reasons
        Idle                              : Not Active
        Applications Clocks Setting       : Not Active
        SW Power Cap                      : Not Active
        HW Slowdown                       : Not Active
            HW Thermal Slowdown           : Not Active
            HW Power Brake Slowdown       : Not Active
        Sync Boost                        : Not Active
        SW Thermal Slowdown               : Not Active
        Display Clock Setting             : Not Active
    FB Memory Usage
        Total                             : 16160 MiB
        Used                              : 0 MiB
        Free                              : 16160 MiB
    BAR1 Memory Usage
        Total                             : 16384 MiB
        Used                              : 2 MiB
        Free                              : 16382 MiB
    Compute Mode                          : Default
    Utilization
        Gpu                               : 0 %
        Memory                            : 0 %
        Encoder                           : 0 %
        Decoder                           : 0 %
    Encoder Stats
        Active Sessions                   : 0
        Average FPS                       : 0
        Average Latency                   : 0
    FBC Stats
        Active Sessions                   : 0
        Average FPS                       : 0
        Average Latency                   : 0
    Ecc Mode
        Current                           : Enabled
        Pending                           : Enabled
    ECC Errors
        Volatile
            Single Bit            
                Device Memory             : 0
                Register File             : 0
                L1 Cache                  : 0
                L2 Cache                  : 0
                Texture Memory            : N/A
                Texture Shared            : N/A
                CBU                       : N/A
                Total                     : 0
            Double Bit            
                Device Memory             : 0
                Register File             : 0
                L1 Cache                  : 0
                L2 Cache                  : 0
                Texture Memory            : N/A
                Texture Shared            : N/A
                CBU                       : 0
                Total                     : 0
        Aggregate
            Single Bit            
                Device Memory             : 0
                Register File             : 0
                L1 Cache                  : 0
                L2 Cache                  : 0
                Texture Memory            : N/A
                Texture Shared            : N/A
                CBU                       : N/A
                Total                     : 0
            Double Bit            
                Device Memory             : 0
                Register File             : 0
                L1 Cache                  : 0
                L2 Cache                  : 0
                Texture Memory            : N/A
                Texture Shared            : N/A
                CBU                       : 0
                Total                     : 0
    Retired Pages
        Single Bit ECC                    : 0
        Double Bit ECC                    : 0
        Pending Page Blacklist            : No
    Remapped Rows                         : N/A
    Temperature
        GPU Current Temp                  : 32 C
        GPU Shutdown Temp                 : 90 C
        GPU Slowdown Temp                 : 87 C
        GPU Max Operating Temp            : 83 C
        GPU Target Temperature            : N/A
        Memory Current Temp               : 27 C
        Memory Max Operating Temp         : 85 C
    Power Readings
        Power Management                  : Supported
        Power Draw                        : 36.38 W
        Power Limit                       : 250.00 W
        Default Power Limit               : 250.00 W
        Enforced Power Limit              : 250.00 W
        Min Power Limit                   : 100.00 W
        Max Power Limit                   : 250.00 W
    Clocks
        Graphics                          : 1245 MHz
        SM                                : 1245 MHz
        Memory                            : 877 MHz
        Video                             : 1125 MHz
    Applications Clocks
        Graphics                          : 1245 MHz
        Memory                            : 877 MHz
    Default Applications Clocks
        Graphics                          : 1245 MHz
        Memory                            : 877 MHz
    Max Clocks
        Graphics                          : 1380 MHz
        SM                                : 1380 MHz
        Memory                            : 877 MHz
        Video                             : 1237 MHz
    Max Customer Boost Clocks
        Graphics                          : 1380 MHz
    Clock Policy
        Auto Boost                        : N/A
        Auto Boost Default                : N/A
    Processes                             : None

GPU 00000002:00:00.0
    Product Name                          : Tesla V100-PCIE-16GB
    Product Brand                         : Tesla
    Display Mode                          : Enabled
    Display Active                        : Disabled
    Persistence Mode                      : Disabled
    MIG Mode
        Current                           : N/A
        Pending                           : N/A
    Accounting Mode                       : Disabled
    Accounting Mode Buffer Size           : 4000
    Driver Model
        Current                           : N/A
        Pending                           : N/A
    Serial Number                         : 1561320029737
    GPU UUID                              : GPU-734eb6b1-0b19-e9c0-cdea-7eb873e2ff57
    Minor Number                          : 1
    VBIOS Version                         : 88.00.4F.00.04
    MultiGPU Board                        : No
    Board ID                              : 0x20000
    GPU Part Number                       : 900-2G500-0000-000
    Inforom Version
        Image Version                     : G500.0200.00.03
        OEM Object                        : 1.1
        ECC Object                        : 5.0
        Power Management Object           : N/A
    GPU Operation Mode
        Current                           : N/A
        Pending                           : N/A
    GPU Virtualization Mode
        Virtualization Mode               : Pass-Through
        Host VGPU Mode                    : N/A
    IBMNPU
        Relaxed Ordering Mode             : N/A
    PCI
        Bus                               : 0x00
        Device                            : 0x00
        Domain                            : 0x0002
        Device Id                         : 0x1DB410DE
        Bus Id                            : 00000002:00:00.0
        Sub System Id                     : 0x121410DE
        GPU Link Info
            PCIe Generation
                Max                       : 3
                Current                   : 3
            Link Width
                Max                       : 16x
                Current                   : 16x
        Bridge Chip
            Type                          : N/A
            Firmware                      : N/A
        Replays Since Reset               : 0
        Replay Number Rollovers           : 0
        Tx Throughput                     : 0 KB/s
        Rx Throughput                     : 0 KB/s
    Fan Speed                             : N/A
    Performance State                     : P0
    Clocks Throttle Reasons
        Idle                              : Not Active
        Applications Clocks Setting       : Not Active
        SW Power Cap                      : Not Active
        HW Slowdown                       : Not Active
            HW Thermal Slowdown           : Not Active
            HW Power Brake Slowdown       : Not Active
        Sync Boost                        : Not Active
        SW Thermal Slowdown               : Not Active
        Display Clock Setting             : Not Active
    FB Memory Usage
        Total                             : 16160 MiB
        Used                              : 0 MiB
        Free                              : 16160 MiB
    BAR1 Memory Usage
        Total                             : 16384 MiB
        Used                              : 2 MiB
        Free                              : 16382 MiB
    Compute Mode                          : Default
    Utilization
        Gpu                               : 0 %
        Memory                            : 0 %
        Encoder                           : 0 %
        Decoder                           : 0 %
    Encoder Stats
        Active Sessions                   : 0
        Average FPS                       : 0
        Average Latency                   : 0
    FBC Stats
        Active Sessions                   : 0
        Average FPS                       : 0
        Average Latency                   : 0
    Ecc Mode
        Current                           : Enabled
        Pending                           : Enabled
    ECC Errors
        Volatile
            Single Bit            
                Device Memory             : 0
                Register File             : 0
                L1 Cache                  : 0
                L2 Cache                  : 0
                Texture Memory            : N/A
                Texture Shared            : N/A
                CBU                       : N/A
                Total                     : 0
            Double Bit            
                Device Memory             : 0
                Register File             : 0
                L1 Cache                  : 0
                L2 Cache                  : 0
                Texture Memory            : N/A
                Texture Shared            : N/A
                CBU                       : 0
                Total                     : 0
        Aggregate
            Single Bit            
                Device Memory             : 0
                Register File             : 0
                L1 Cache                  : 0
                L2 Cache                  : 0
                Texture Memory            : N/A
                Texture Shared            : N/A
                CBU                       : N/A
                Total                     : 0
            Double Bit            
                Device Memory             : 0
                Register File             : 0
                L1 Cache                  : 0
                L2 Cache                  : 0
                Texture Memory            : N/A
                Texture Shared            : N/A
                CBU                       : 0
                Total                     : 0
    Retired Pages
        Single Bit ECC                    : 0
        Double Bit ECC                    : 0
        Pending Page Blacklist            : No
    Remapped Rows                         : N/A
    Temperature
        GPU Current Temp                  : 31 C
        GPU Shutdown Temp                 : 90 C
        GPU Slowdown Temp                 : 87 C
        GPU Max Operating Temp            : 83 C
        GPU Target Temperature            : N/A
        Memory Current Temp               : 31 C
        Memory Max Operating Temp         : 85 C
    Power Readings
        Power Management                  : Supported
        Power Draw                        : 36.33 W
        Power Limit                       : 250.00 W
        Default Power Limit               : 250.00 W
        Enforced Power Limit              : 250.00 W
        Min Power Limit                   : 100.00 W
        Max Power Limit                   : 250.00 W
    Clocks
        Graphics                          : 1245 MHz
        SM                                : 1245 MHz
        Memory                            : 877 MHz
        Video                             : 1125 MHz
    Applications Clocks
        Graphics                          : 1245 MHz
        Memory                            : 877 MHz
    Default Applications Clocks
        Graphics                          : 1245 MHz
        Memory                            : 877 MHz
    Max Clocks
        Graphics                          : 1380 MHz
        SM                                : 1380 MHz
        Memory                            : 877 MHz
        Video                             : 1237 MHz
    Max Customer Boost Clocks
        Graphics                          : 1380 MHz
    Clock Policy
        Auto Boost                        : N/A
        Auto Boost Default                : N/A
    Processes                             : None

GPU 00000003:00:00.0
    Product Name                          : Tesla V100-PCIE-16GB
    Product Brand                         : Tesla
    Display Mode                          : Enabled
    Display Active                        : Disabled
    Persistence Mode                      : Disabled
    MIG Mode
        Current                           : N/A
        Pending                           : N/A
    Accounting Mode                       : Disabled
    Accounting Mode Buffer Size           : 4000
    Driver Model
        Current                           : N/A
        Pending                           : N/A
    Serial Number                         : 1561320029356
    GPU UUID                              : GPU-c141de25-4738-ed72-538d-21ffd71597f9
    Minor Number                          : 2
    VBIOS Version                         : 88.00.4F.00.04
    MultiGPU Board                        : No
    Board ID                              : 0x30000
    GPU Part Number                       : 900-2G500-0000-000
    Inforom Version
        Image Version                     : G500.0200.00.03
        OEM Object                        : 1.1
        ECC Object                        : 5.0
        Power Management Object           : N/A
    GPU Operation Mode
        Current                           : N/A
        Pending                           : N/A
    GPU Virtualization Mode
        Virtualization Mode               : Pass-Through
        Host VGPU Mode                    : N/A
    IBMNPU
        Relaxed Ordering Mode             : N/A
    PCI
        Bus                               : 0x00
        Device                            : 0x00
        Domain                            : 0x0003
        Device Id                         : 0x1DB410DE
        Bus Id                            : 00000003:00:00.0
        Sub System Id                     : 0x121410DE
        GPU Link Info
            PCIe Generation
                Max                       : 3
                Current                   : 3
            Link Width
                Max                       : 16x
                Current                   : 16x
        Bridge Chip
            Type                          : N/A
            Firmware                      : N/A
        Replays Since Reset               : 0
        Replay Number Rollovers           : 0
        Tx Throughput                     : 0 KB/s
        Rx Throughput                     : 0 KB/s
    Fan Speed                             : N/A
    Performance State                     : P0
    Clocks Throttle Reasons
        Idle                              : Not Active
        Applications Clocks Setting       : Not Active
        SW Power Cap                      : Not Active
        HW Slowdown                       : Not Active
            HW Thermal Slowdown           : Not Active
            HW Power Brake Slowdown       : Not Active
        Sync Boost                        : Not Active
        SW Thermal Slowdown               : Not Active
        Display Clock Setting             : Not Active
    FB Memory Usage
        Total                             : 16160 MiB
        Used                              : 0 MiB
        Free                              : 16160 MiB
    BAR1 Memory Usage
        Total                             : 16384 MiB
        Used                              : 2 MiB
        Free                              : 16382 MiB
    Compute Mode                          : Default
    Utilization
        Gpu                               : 0 %
        Memory                            : 0 %
        Encoder                           : 0 %
        Decoder                           : 0 %
    Encoder Stats
        Active Sessions                   : 0
        Average FPS                       : 0
        Average Latency                   : 0
    FBC Stats
        Active Sessions                   : 0
        Average FPS                       : 0
        Average Latency                   : 0
    Ecc Mode
        Current                           : Enabled
        Pending                           : Enabled
    ECC Errors
        Volatile
            Single Bit            
                Device Memory             : 0
                Register File             : 0
                L1 Cache                  : 0
                L2 Cache                  : 0
                Texture Memory            : N/A
                Texture Shared            : N/A
                CBU                       : N/A
                Total                     : 0
            Double Bit            
                Device Memory             : 0
                Register File             : 0
                L1 Cache                  : 0
                L2 Cache                  : 0
                Texture Memory            : N/A
                Texture Shared            : N/A
                CBU                       : 0
                Total                     : 0
        Aggregate
            Single Bit            
                Device Memory             : 0
                Register File             : 0
                L1 Cache                  : 0
                L2 Cache                  : 0
                Texture Memory            : N/A
                Texture Shared            : N/A
                CBU                       : N/A
                Total                     : 0
            Double Bit            
                Device Memory             : 0
                Register File             : 0
                L1 Cache                  : 0
                L2 Cache                  : 0
                Texture Memory            : N/A
                Texture Shared            : N/A
                CBU                       : 0
                Total                     : 0
    Retired Pages
        Single Bit ECC                    : 0
        Double Bit ECC                    : 0
        Pending Page Blacklist            : No
    Remapped Rows                         : N/A
    Temperature
        GPU Current Temp                  : 30 C
        GPU Shutdown Temp                 : 90 C
        GPU Slowdown Temp                 : 87 C
        GPU Max Operating Temp            : 83 C
        GPU Target Temperature            : N/A
        Memory Current Temp               : 29 C
        Memory Max Operating Temp         : 85 C
    Power Readings
        Power Management                  : Supported
        Power Draw                        : 34.79 W
        Power Limit                       : 250.00 W
        Default Power Limit               : 250.00 W
        Enforced Power Limit              : 250.00 W
        Min Power Limit                   : 100.00 W
        Max Power Limit                   : 250.00 W
    Clocks
        Graphics                          : 1245 MHz
        SM                                : 1245 MHz
        Memory                            : 877 MHz
        Video                             : 1117 MHz
    Applications Clocks
        Graphics                          : 1245 MHz
        Memory                            : 877 MHz
    Default Applications Clocks
        Graphics                          : 1245 MHz
        Memory                            : 877 MHz
    Max Clocks
        Graphics                          : 1380 MHz
        SM                                : 1380 MHz
        Memory                            : 877 MHz
        Video                             : 1237 MHz
    Max Customer Boost Clocks
        Graphics                          : 1380 MHz
    Clock Policy
        Auto Boost                        : N/A
        Auto Boost Default                : N/A
    Processes                             : None

GPU 00000004:00:00.0
    Product Name                          : Tesla V100-PCIE-16GB
    Product Brand                         : Tesla
    Display Mode                          : Enabled
    Display Active                        : Disabled
    Persistence Mode                      : Disabled
    MIG Mode
        Current                           : N/A
        Pending                           : N/A
    Accounting Mode                       : Disabled
    Accounting Mode Buffer Size           : 4000
    Driver Model
        Current                           : N/A
        Pending                           : N/A
    Serial Number                         : 1561320029363
    GPU UUID                              : GPU-bbe70036-e852-8f8e-afef-a839975c9b5e
    Minor Number                          : 3
    VBIOS Version                         : 88.00.4F.00.04
    MultiGPU Board                        : No
    Board ID                              : 0x40000
    GPU Part Number                       : 900-2G500-0000-000
    Inforom Version
        Image Version                     : G500.0200.00.03
        OEM Object                        : 1.1
        ECC Object                        : 5.0
        Power Management Object           : N/A
    GPU Operation Mode
        Current                           : N/A
        Pending                           : N/A
    GPU Virtualization Mode
        Virtualization Mode               : Pass-Through
        Host VGPU Mode                    : N/A
    IBMNPU
        Relaxed Ordering Mode             : N/A
    PCI
        Bus                               : 0x00
        Device                            : 0x00
        Domain                            : 0x0004
        Device Id                         : 0x1DB410DE
        Bus Id                            : 00000004:00:00.0
        Sub System Id                     : 0x121410DE
        GPU Link Info
            PCIe Generation
                Max                       : 3
                Current                   : 3
            Link Width
                Max                       : 16x
                Current                   : 16x
        Bridge Chip
            Type                          : N/A
            Firmware                      : N/A
        Replays Since Reset               : 0
        Replay Number Rollovers           : 0
        Tx Throughput                     : 0 KB/s
        Rx Throughput                     : 0 KB/s
    Fan Speed                             : N/A
    Performance State                     : P0
    Clocks Throttle Reasons
        Idle                              : Not Active
        Applications Clocks Setting       : Not Active
        SW Power Cap                      : Not Active
        HW Slowdown                       : Not Active
            HW Thermal Slowdown           : Not Active
            HW Power Brake Slowdown       : Not Active
        Sync Boost                        : Not Active
        SW Thermal Slowdown               : Not Active
        Display Clock Setting             : Not Active
    FB Memory Usage
        Total                             : 16160 MiB
        Used                              : 0 MiB
        Free                              : 16160 MiB
    BAR1 Memory Usage
        Total                             : 16384 MiB
        Used                              : 2 MiB
        Free                              : 16382 MiB
    Compute Mode                          : Default
    Utilization
        Gpu                               : 0 %
        Memory                            : 0 %
        Encoder                           : 0 %
        Decoder                           : 0 %
    Encoder Stats
        Active Sessions                   : 0
        Average FPS                       : 0
        Average Latency                   : 0
    FBC Stats
        Active Sessions                   : 0
        Average FPS                       : 0
        Average Latency                   : 0
    Ecc Mode
        Current                           : Enabled
        Pending                           : Enabled
    ECC Errors
        Volatile
            Single Bit            
                Device Memory             : 0
                Register File             : 0
                L1 Cache                  : 0
                L2 Cache                  : 0
                Texture Memory            : N/A
                Texture Shared            : N/A
                CBU                       : N/A
                Total                     : 0
            Double Bit            
                Device Memory             : 0
                Register File             : 0
                L1 Cache                  : 0
                L2 Cache                  : 0
                Texture Memory            : N/A
                Texture Shared            : N/A
                CBU                       : 0
                Total                     : 0
        Aggregate
            Single Bit            
                Device Memory             : 0
                Register File             : 0
                L1 Cache                  : 0
                L2 Cache                  : 0
                Texture Memory            : N/A
                Texture Shared            : N/A
                CBU                       : N/A
                Total                     : 0
            Double Bit            
                Device Memory             : 0
                Register File             : 0
                L1 Cache                  : 0
                L2 Cache                  : 0
                Texture Memory            : N/A
                Texture Shared            : N/A
                CBU                       : 0
                Total                     : 0
    Retired Pages
        Single Bit ECC                    : 0
        Double Bit ECC                    : 0
        Pending Page Blacklist            : No
    Remapped Rows                         : N/A
    Temperature
        GPU Current Temp                  : 31 C
        GPU Shutdown Temp                 : 90 C
        GPU Slowdown Temp                 : 87 C
        GPU Max Operating Temp            : 83 C
        GPU Target Temperature            : N/A
        Memory Current Temp               : 30 C
        Memory Max Operating Temp         : 85 C
    Power Readings
        Power Management                  : Supported
        Power Draw                        : 37.40 W
        Power Limit                       : 250.00 W
        Default Power Limit               : 250.00 W
        Enforced Power Limit              : 250.00 W
        Min Power Limit                   : 100.00 W
        Max Power Limit                   : 250.00 W
    Clocks
        Graphics                          : 1245 MHz
        SM                                : 1245 MHz
        Memory                            : 877 MHz
        Video                             : 1117 MHz
    Applications Clocks
        Graphics                          : 1245 MHz
        Memory                            : 877 MHz
    Default Applications Clocks
        Graphics                          : 1245 MHz
        Memory                            : 877 MHz
    Max Clocks
        Graphics                          : 1380 MHz
        SM                                : 1380 MHz
        Memory                            : 877 MHz
        Video                             : 1237 MHz
    Max Customer Boost Clocks
        Graphics                          : 1380 MHz
    Clock Policy
        Auto Boost                        : N/A
        Auto Boost Default                : N/A
    Processes                             : None

